573032,53,38,0.5824175824175825
157882,41,16,0.7192982456140351
315935,11,7,0.6111111111111112
