871026,13,9,0.5909090909090909
40342,12,7,0.631578947368421
1093528,10,10,0.5
