157882,19,14,0.5757575757575758
22656,13,7,0.65
18393,11,8,0.5789473684210527
